// Jest Snapshot v1, https://jestjs.io/docs/snapshot-testing

exports[`renders CommentCard unchanged 1`] = `
<div>
  <div
    class="MuiPaper-root MuiPaper-elevation MuiPaper-rounded MuiPaper-elevation1 MuiCard-root css-1auaz8p-MuiPaper-root-MuiCard-root"
    style="--Paper-shadow: 0px 2px 1px -1px rgba(0,0,0,0.2),0px 1px 1px 0px rgba(0,0,0,0.14),0px 1px 3px 0px rgba(0,0,0,0.12);"
  >
    <div
      class="MuiCardContent-root css-1lt5qva-MuiCardContent-root"
    >
      <div
        class="MuiBox-root css-tj4ytb"
      >
        <h3
          class="MuiTypography-root MuiTypography-h6 css-fe0fwj-MuiTypography-root"
        >
          testuser
        </h3>
        <span
          class="MuiTypography-root MuiTypography-caption css-1374baf-MuiTypography-root"
        >
          Jan 1, 2024, 12:00 PM
        </span>
      </div>
      <p
        class="MuiTypography-root MuiTypography-body1 css-1e33hda-MuiTypography-root"
      >
        This is a snapshot test
      </p>
      <div
        class="MuiChip-root MuiChip-outlined MuiChip-sizeSmall MuiChip-colorDefault MuiChip-outlinedDefault css-1kpykzd-MuiChip-root"
      >
        <span
          class="MuiChip-label MuiChip-labelSmall css-19m61dl-MuiChip-label"
        >
          Equipment ID: 507f1f77bcf86cd799439012
        </span>
      </div>
    </div>
  </div>
</div>
`;
