// Jest Snapshot v1, https://jestjs.io/docs/snapshot-testing

exports[`renders SearchInput unchanged 1`] = `
<div>
  <div
    class="MuiFormControl-root MuiFormControl-fullWidth MuiTextField-root css-dzmwfx-MuiFormControl-root-MuiTextField-root"
  >
    <label
      class="MuiFormLabel-root MuiInputLabel-root MuiInputLabel-formControl MuiInputLabel-animated MuiInputLabel-sizeSmall MuiInputLabel-outlined MuiFormLabel-colorPrimary MuiInputLabel-root MuiInputLabel-formControl MuiInputLabel-animated MuiInputLabel-sizeSmall MuiInputLabel-outlined css-1kfabtt-MuiFormLabel-root-MuiInputLabel-root"
      data-shrink="false"
      for="search"
      id="search-label"
    >
      Search
    </label>
    <div
      class="MuiInputBase-root MuiOutlinedInput-root MuiInputBase-colorPrimary MuiInputBase-fullWidth MuiInputBase-formControl MuiInputBase-sizeSmall css-1blp12k-MuiInputBase-root-MuiOutlinedInput-root"
    >
      <input
        aria-invalid="false"
        autocomplete="off"
        class="MuiInputBase-input MuiOutlinedInput-input MuiInputBase-inputSizeSmall css-1pzfmz2-MuiInputBase-input-MuiOutlinedInput-input"
        id="search"
        placeholder="Search..."
        type="text"
        value=""
      />
      <fieldset
        aria-hidden="true"
        class="MuiOutlinedInput-notchedOutline css-18p5xg2-MuiNotchedOutlined-root-MuiOutlinedInput-notchedOutline"
      >
        <legend
          class="css-1n64csd-MuiNotchedOutlined-root"
        >
          <span>
            Search
          </span>
        </legend>
      </fieldset>
    </div>
  </div>
</div>
`;
